   ▲ Next.js 15.5.23
   - Local:        http://localhost:3311
   - Network:      http://172.20.10.2:3311
   - Environments: .env

 ✓ Starting...
 ✓ Ready in 9.9s
 ○ Compiling / ...
 ✓ Compiled / in 39.1s (10289 modules)
 GET / 200 in 44403ms
 GET / 200 in 217ms
 ○ Compiling /api/stops ...
 ✓ Compiled /api/stops in 18.8s (10429 modules)
 GET / 200 in 326ms
 GET /api/stops 200 in 19819ms
 ○ Compiling /api/vehicles ...
 GET /api/routes 200 in 20628ms
 ✓ Compiled /api/vehicles in 3s (10432 modules)
 GET /api/stops 200 in 3156ms
 GET /api/vehicles 200 in 3561ms
 GET /api/routes 200 in 3403ms
 GET / 200 in 185ms
 GET /api/routes 200 in 136ms
 GET /api/stops 200 in 357ms
 ✓ Compiled in 4.4s (10429 modules)
 GET / 200 in 342ms
 GET /api/stops 200 in 947ms
 GET /api/stops 200 in 78ms
 GET /api/routes 200 in 1206ms
 GET /api/routes 200 in 306ms
 ○ Compiling /api/vehicles ...
 ✓ Compiled /api/vehicles in 1246ms (5336 modules)
 GET /api/vehicles 200 in 1863ms
 GET /api/vehicles 200 in 557ms
 ⨯ [Error: ENOENT: no such file or directory, open 'C:\Users\Abdel\OneDrive\Documents\projects\2026\nyc_transit_spatial_platform\.next\server\app-paths-manifest.json'] {
  errno: -4058,
  code: 'ENOENT',
  syscall: 'open',
  path: 'C:\\Users\\Abdel\\OneDrive\\Documents\\projects\\2026\\nyc_transit_spatial_platform\\.next\\server\\app-paths-manifest.json',
  page: '/api/vehicles'
}
 ○ Compiling /_error ...
 ✓ Compiled /_error in 4.9s (10779 modules)
 ⨯ [Error: ENOENT: no such file or directory, open 'C:\Users\Abdel\OneDrive\Documents\projects\2026\nyc_transit_spatial_platform\.next\server\app\page.js'] {
  errno: -4058,
  code: 'ENOENT',
  syscall: 'open',
  path: 'C:\\Users\\Abdel\\OneDrive\\Documents\\projects\\2026\\nyc_transit_spatial_platform\\.next\\server\\app\\page.js',
  page: '/'
}
 ⨯ [Error: ENOENT: no such file or directory, open 'C:\Users\Abdel\OneDrive\Documents\projects\2026\nyc_transit_spatial_platform\.next\routes-manifest.json'] {
  errno: -4058,
  code: 'ENOENT',
  syscall: 'open',
  path: 'C:\\Users\\Abdel\\OneDrive\\Documents\\projects\\2026\\nyc_transit_spatial_platform\\.next\\routes-manifest.json'
}
 ⨯ [Error: ENOENT: no such file or directory, open 'C:\Users\Abdel\OneDrive\Documents\projects\2026\nyc_transit_spatial_platform\.next\routes-manifest.json'] {
  errno: -4058,
  code: 'ENOENT',
  syscall: 'open',
  path: 'C:\\Users\\Abdel\\OneDrive\\Documents\\projects\\2026\\nyc_transit_spatial_platform\\.next\\routes-manifest.json'
}
<w> [webpack.cache.PackFileCacheStrategy] Restoring pack failed from C:\Users\Abdel\OneDrive\Documents\projects\2026\nyc_transit_spatial_platform\.next\cache\webpack\client-development-fallback.pack.gz: Error: invalid code -- missing end-of-block
<w> [webpack.cache.PackFileCacheStrategy] Restoring pack failed from C:\Users\Abdel\OneDrive\Documents\projects\2026\nyc_transit_spatial_platform\.next\cache\webpack\client-development-fallback.pack.gz: Error: invalid code -- missing end-of-block
[Error: ENOENT: no such file or directory, open 'C:\Users\Abdel\OneDrive\Documents\projects\2026\nyc_transit_spatial_platform\.next\server\app-paths-manifest.json'] {
  errno: -4058,
  code: 'ENOENT',
  syscall: 'open',
  path: 'C:\\Users\\Abdel\\OneDrive\\Documents\\projects\\2026\\nyc_transit_spatial_platform\\.next\\server\\app-paths-manifest.json',
  page: '/api/vehicles'
}
[Error: ENOENT: no such file or directory, open 'C:\Users\Abdel\OneDrive\Documents\projects\2026\nyc_transit_spatial_platform\.next\server\app\page.js'] {
  errno: -4058,
  code: 'ENOENT',
  syscall: 'open',
  path: 'C:\\Users\\Abdel\\OneDrive\\Documents\\projects\\2026\\nyc_transit_spatial_platform\\.next\\server\\app\\page.js',
  page: '/'
}
 ⨯ [Error: ENOENT: no such file or directory, open 'C:\Users\Abdel\OneDrive\Documents\projects\2026\nyc_transit_spatial_platform\.next\routes-manifest.json'] {
  errno: -4058,
  code: 'ENOENT',
  syscall: 'open',
  path: 'C:\\Users\\Abdel\\OneDrive\\Documents\\projects\\2026\\nyc_transit_spatial_platform\\.next\\routes-manifest.json'
}
 ⨯ [Error: ENOENT: no such file or directory, open 'C:\Users\Abdel\OneDrive\Documents\projects\2026\nyc_transit_spatial_platform\.next\routes-manifest.json'] {
  errno: -4058,
  code: 'ENOENT',
  syscall: 'open',
  path: 'C:\\Users\\Abdel\\OneDrive\\Documents\\projects\\2026\\nyc_transit_spatial_platform\\.next\\routes-manifest.json'
}
[Error: ENOENT: no such file or directory, open 'C:\Users\Abdel\OneDrive\Documents\projects\2026\nyc_transit_spatial_platform\.next\routes-manifest.json'] {
  errno: -4058,
  code: 'ENOENT',
  syscall: 'open',
  path: 'C:\\Users\\Abdel\\OneDrive\\Documents\\projects\\2026\\nyc_transit_spatial_platform\\.next\\routes-manifest.json'
}
[Error: ENOENT: no such file or directory, open 'C:\Users\Abdel\OneDrive\Documents\projects\2026\nyc_transit_spatial_platform\.next\routes-manifest.json'] {
  errno: -4058,
  code: 'ENOENT',
  syscall: 'open',
  path: 'C:\\Users\\Abdel\\OneDrive\\Documents\\projects\\2026\\nyc_transit_spatial_platform\\.next\\routes-manifest.json'
}
 GET /api/vehicles 500 in 18960ms
 GET /api/vehicles 500 in 920ms
 GET / 500 in 15507ms
 GET / 500 in 920ms
 ⨯ Error: Cannot find module './331.js'
Require stack:
- C:\Users\Abdel\OneDrive\Documents\projects\2026\nyc_transit_spatial_platform\.next\server\webpack-runtime.js
- C:\Users\Abdel\OneDrive\Documents\projects\2026\nyc_transit_spatial_platform\.next\server\pages\_document.js
- C:\Users\Abdel\OneDrive\Documents\projects\2026\nyc_transit_spatial_platform\node_modules\next\dist\server\require.js
- C:\Users\Abdel\OneDrive\Documents\projects\2026\nyc_transit_spatial_platform\node_modules\next\dist\server\load-components.js
- C:\Users\Abdel\OneDrive\Documents\projects\2026\nyc_transit_spatial_platform\node_modules\next\dist\build\utils.js
- C:\Users\Abdel\OneDrive\Documents\projects\2026\nyc_transit_spatial_platform\node_modules\next\dist\build\swc\options.js
- C:\Users\Abdel\OneDrive\Documents\projects\2026\nyc_transit_spatial_platform\node_modules\next\dist\build\swc\index.js
- C:\Users\Abdel\OneDrive\Documents\projects\2026\nyc_transit_spatial_platform\node_modules\next\dist\build\next-config-ts\transpile-config.js
- C:\Users\Abdel\OneDrive\Documents\projects\2026\nyc_transit_spatial_platform\node_modules\next\dist\server\config.js
- C:\Users\Abdel\OneDrive\Documents\projects\2026\nyc_transit_spatial_platform\node_modules\next\dist\server\next.js
- C:\Users\Abdel\OneDrive\Documents\projects\2026\nyc_transit_spatial_platform\node_modules\next\dist\server\lib\start-server.js
    at <unknown> (C:\Users\Abdel\OneDrive\Documents\projects\2026\nyc_transit_spatial_platform\.next\server\app\page.js:2:7425)
    at Object.<anonymous> (C:\Users\Abdel\OneDrive\Documents\projects\2026\nyc_transit_spatial_platform\.next\server\app\page.js:2:7474) {
  code: 'MODULE_NOT_FOUND',
  requireStack: [Array],
  page: '/'
}
 ⨯ [Error: ENOENT: no such file or directory, open 'C:\Users\Abdel\OneDrive\Documents\projects\2026\nyc_transit_spatial_platform\.next\routes-manifest.json'] {
  errno: -4058,
  code: 'ENOENT',
  syscall: 'open',
  path: 'C:\\Users\\Abdel\\OneDrive\\Documents\\projects\\2026\\nyc_transit_spatial_platform\\.next\\routes-manifest.json'
}
Error: Cannot find module './331.js'
Require stack:
- C:\Users\Abdel\OneDrive\Documents\projects\2026\nyc_transit_spatial_platform\.next\server\webpack-runtime.js
- C:\Users\Abdel\OneDrive\Documents\projects\2026\nyc_transit_spatial_platform\.next\server\pages\_document.js
- C:\Users\Abdel\OneDrive\Documents\projects\2026\nyc_transit_spatial_platform\node_modules\next\dist\server\require.js
- C:\Users\Abdel\OneDrive\Documents\projects\2026\nyc_transit_spatial_platform\node_modules\next\dist\server\load-components.js
- C:\Users\Abdel\OneDrive\Documents\projects\2026\nyc_transit_spatial_platform\node_modules\next\dist\build\utils.js
- C:\Users\Abdel\OneDrive\Documents\projects\2026\nyc_transit_spatial_platform\node_modules\next\dist\build\swc\options.js
- C:\Users\Abdel\OneDrive\Documents\projects\2026\nyc_transit_spatial_platform\node_modules\next\dist\build\swc\index.js
- C:\Users\Abdel\OneDrive\Documents\projects\2026\nyc_transit_spatial_platform\node_modules\next\dist\build\next-config-ts\transpile-config.js
- C:\Users\Abdel\OneDrive\Documents\projects\2026\nyc_transit_spatial_platform\node_modules\next\dist\server\config.js
- C:\Users\Abdel\OneDrive\Documents\projects\2026\nyc_transit_spatial_platform\node_modules\next\dist\server\next.js
- C:\Users\Abdel\OneDrive\Documents\projects\2026\nyc_transit_spatial_platform\node_modules\next\dist\server\lib\start-server.js
    at <unknown> (C:\Users\Abdel\OneDrive\Documents\projects\2026\nyc_transit_spatial_platform\.next\server\app\page.js:2:7425)
    at Object.<anonymous> (C:\Users\Abdel\OneDrive\Documents\projects\2026\nyc_transit_spatial_platform\.next\server\app\page.js:2:7474) {
  code: 'MODULE_NOT_FOUND',
  requireStack: [Array],
  page: '/'
}
 ⨯ [Error: ENOENT: no such file or directory, open 'C:\Users\Abdel\OneDrive\Documents\projects\2026\nyc_transit_spatial_platform\.next\routes-manifest.json'] {
  errno: -4058,
  code: 'ENOENT',
  syscall: 'open',
  path: 'C:\\Users\\Abdel\\OneDrive\\Documents\\projects\\2026\\nyc_transit_spatial_platform\\.next\\routes-manifest.json'
}
[Error: ENOENT: no such file or directory, open 'C:\Users\Abdel\OneDrive\Documents\projects\2026\nyc_transit_spatial_platform\.next\routes-manifest.json'] {
  errno: -4058,
  code: 'ENOENT',
  syscall: 'open',
  path: 'C:\\Users\\Abdel\\OneDrive\\Documents\\projects\\2026\\nyc_transit_spatial_platform\\.next\\routes-manifest.json'
}
 GET / 500 in 1085ms
 GET / 500 in 281ms
 ⨯ Error: Cannot find module './331.js'
Require stack:
- C:\Users\Abdel\OneDrive\Documents\projects\2026\nyc_transit_spatial_platform\.next\server\webpack-runtime.js
- C:\Users\Abdel\OneDrive\Documents\projects\2026\nyc_transit_spatial_platform\.next\server\pages\_document.js
- C:\Users\Abdel\OneDrive\Documents\projects\2026\nyc_transit_spatial_platform\node_modules\next\dist\server\require.js
- C:\Users\Abdel\OneDrive\Documents\projects\2026\nyc_transit_spatial_platform\node_modules\next\dist\server\load-components.js
- C:\Users\Abdel\OneDrive\Documents\projects\2026\nyc_transit_spatial_platform\node_modules\next\dist\build\utils.js
- C:\Users\Abdel\OneDrive\Documents\projects\2026\nyc_transit_spatial_platform\node_modules\next\dist\build\swc\options.js
- C:\Users\Abdel\OneDrive\Documents\projects\2026\nyc_transit_spatial_platform\node_modules\next\dist\build\swc\index.js
- C:\Users\Abdel\OneDrive\Documents\projects\2026\nyc_transit_spatial_platform\node_modules\next\dist\build\next-config-ts\transpile-config.js
- C:\Users\Abdel\OneDrive\Documents\projects\2026\nyc_transit_spatial_platform\node_modules\next\dist\server\config.js
- C:\Users\Abdel\OneDrive\Documents\projects\2026\nyc_transit_spatial_platform\node_modules\next\dist\server\next.js
- C:\Users\Abdel\OneDrive\Documents\projects\2026\nyc_transit_spatial_platform\node_modules\next\dist\server\lib\start-server.js
    at <unknown> (C:\Users\Abdel\OneDrive\Documents\projects\2026\nyc_transit_spatial_platform\.next\server\app\api\vehicles\route.js:104:8966)
    at Object.<anonymous> (C:\Users\Abdel\OneDrive\Documents\projects\2026\nyc_transit_spatial_platform\.next\server\app\api\vehicles\route.js:104:9014) {
  code: 'MODULE_NOT_FOUND',
  requireStack: [Array],
  page: '/api/vehicles'
}
 ⨯ Error: Cannot find module './331.js'
Require stack:
- C:\Users\Abdel\OneDrive\Documents\projects\2026\nyc_transit_spatial_platform\.next\server\webpack-runtime.js
- C:\Users\Abdel\OneDrive\Documents\projects\2026\nyc_transit_spatial_platform\.next\server\pages\_document.js
- C:\Users\Abdel\OneDrive\Documents\projects\2026\nyc_transit_spatial_platform\node_modules\next\dist\server\require.js
- C:\Users\Abdel\OneDrive\Documents\projects\2026\nyc_transit_spatial_platform\node_modules\next\dist\server\load-components.js
- C:\Users\Abdel\OneDrive\Documents\projects\2026\nyc_transit_spatial_platform\node_modules\next\dist\build\utils.js
- C:\Users\Abdel\OneDrive\Documents\projects\2026\nyc_transit_spatial_platform\node_modules\next\dist\build\swc\options.js
- C:\Users\Abdel\OneDrive\Documents\projects\2026\nyc_transit_spatial_platform\node_modules\next\dist\build\swc\index.js
- C:\Users\Abdel\OneDrive\Documents\projects\2026\nyc_transit_spatial_platform\node_modules\next\dist\build\next-config-ts\transpile-config.js
- C:\Users\Abdel\OneDrive\Documents\projects\2026\nyc_transit_spatial_platform\node_modules\next\dist\server\config.js
- C:\Users\Abdel\OneDrive\Documents\projects\2026\nyc_transit_spatial_platform\node_modules\next\dist\server\next.js
- C:\Users\Abdel\OneDrive\Documents\projects\2026\nyc_transit_spatial_platform\node_modules\next\dist\server\lib\start-server.js
    at <unknown> (C:\Users\Abdel\OneDrive\Documents\projects\2026\nyc_transit_spatial_platform\.next\server\app\page.js:2:7425)
    at Object.<anonymous> (C:\Users\Abdel\OneDrive\Documents\projects\2026\nyc_transit_spatial_platform\.next\server\app\page.js:2:7474) {
  code: 'MODULE_NOT_FOUND',
  requireStack: [Array],
  page: '/'
}
 ⨯ [Error: ENOENT: no such file or directory, open 'C:\Users\Abdel\OneDrive\Documents\projects\2026\nyc_transit_spatial_platform\.next\routes-manifest.json'] {
  errno: -4058,
  code: 'ENOENT',
  syscall: 'open',
  path: 'C:\\Users\\Abdel\\OneDrive\\Documents\\projects\\2026\\nyc_transit_spatial_platform\\.next\\routes-manifest.json'
}
 ⨯ [Error: ENOENT: no such file or directory, open 'C:\Users\Abdel\OneDrive\Documents\projects\2026\nyc_transit_spatial_platform\.next\routes-manifest.json'] {
  errno: -4058,
  code: 'ENOENT',
  syscall: 'open',
  path: 'C:\\Users\\Abdel\\OneDrive\\Documents\\projects\\2026\\nyc_transit_spatial_platform\\.next\\routes-manifest.json'
}
Error: Cannot find module './331.js'
Require stack:
- C:\Users\Abdel\OneDrive\Documents\projects\2026\nyc_transit_spatial_platform\.next\server\webpack-runtime.js
- C:\Users\Abdel\OneDrive\Documents\projects\2026\nyc_transit_spatial_platform\.next\server\pages\_document.js
- C:\Users\Abdel\OneDrive\Documents\projects\2026\nyc_transit_spatial_platform\node_modules\next\dist\server\require.js
- C:\Users\Abdel\OneDrive\Documents\projects\2026\nyc_transit_spatial_platform\node_modules\next\dist\server\load-components.js
- C:\Users\Abdel\OneDrive\Documents\projects\2026\nyc_transit_spatial_platform\node_modules\next\dist\build\utils.js
- C:\Users\Abdel\OneDrive\Documents\projects\2026\nyc_transit_spatial_platform\node_modules\next\dist\build\swc\options.js
- C:\Users\Abdel\OneDrive\Documents\projects\2026\nyc_transit_spatial_platform\node_modules\next\dist\build\swc\index.js
- C:\Users\Abdel\OneDrive\Documents\projects\2026\nyc_transit_spatial_platform\node_modules\next\dist\build\next-config-ts\transpile-config.js
- C:\Users\Abdel\OneDrive\Documents\projects\2026\nyc_transit_spatial_platform\node_modules\next\dist\server\config.js
- C:\Users\Abdel\OneDrive\Documents\projects\2026\nyc_transit_spatial_platform\node_modules\next\dist\server\next.js
- C:\Users\Abdel\OneDrive\Documents\projects\2026\nyc_transit_spatial_platform\node_modules\next\dist\server\lib\start-server.js
    at <unknown> (C:\Users\Abdel\OneDrive\Documents\projects\2026\nyc_transit_spatial_platform\.next\server\app\api\vehicles\route.js:104:8966)
    at Object.<anonymous> (C:\Users\Abdel\OneDrive\Documents\projects\2026\nyc_transit_spatial_platform\.next\server\app\api\vehicles\route.js:104:9014) {
  code: 'MODULE_NOT_FOUND',
  requireStack: [Array],
  page: '/api/vehicles'
}
Error: Cannot find module './331.js'
Require stack:
- C:\Users\Abdel\OneDrive\Documents\projects\2026\nyc_transit_spatial_platform\.next\server\webpack-runtime.js
- C:\Users\Abdel\OneDrive\Documents\projects\2026\nyc_transit_spatial_platform\.next\server\pages\_document.js
- C:\Users\Abdel\OneDrive\Documents\projects\2026\nyc_transit_spatial_platform\node_modules\next\dist\server\require.js
- C:\Users\Abdel\OneDrive\Documents\projects\2026\nyc_transit_spatial_platform\node_modules\next\dist\server\load-components.js
- C:\Users\Abdel\OneDrive\Documents\projects\2026\nyc_transit_spatial_platform\node_modules\next\dist\build\utils.js
- C:\Users\Abdel\OneDrive\Documents\projects\2026\nyc_transit_spatial_platform\node_modules\next\dist\build\swc\options.js
- C:\Users\Abdel\OneDrive\Documents\projects\2026\nyc_transit_spatial_platform\node_modules\next\dist\build\swc\index.js
- C:\Users\Abdel\OneDrive\Documents\projects\2026\nyc_transit_spatial_platform\node_modules\next\dist\build\next-config-ts\transpile-config.js
- C:\Users\Abdel\OneDrive\Documents\projects\2026\nyc_transit_spatial_platform\node_modules\next\dist\server\config.js
- C:\Users\Abdel\OneDrive\Documents\projects\2026\nyc_transit_spatial_platform\node_modules\next\dist\server\next.js
- C:\Users\Abdel\OneDrive\Documents\projects\2026\nyc_transit_spatial_platform\node_modules\next\dist\server\lib\start-server.js
    at <unknown> (C:\Users\Abdel\OneDrive\Documents\projects\2026\nyc_transit_spatial_platform\.next\server\app\page.js:2:7425)
    at Object.<anonymous> (C:\Users\Abdel\OneDrive\Documents\projects\2026\nyc_transit_spatial_platform\.next\server\app\page.js:2:7474) {
  code: 'MODULE_NOT_FOUND',
  requireStack: [Array],
  page: '/'
}
 ⨯ [Error: ENOENT: no such file or directory, open 'C:\Users\Abdel\OneDrive\Documents\projects\2026\nyc_transit_spatial_platform\.next\routes-manifest.json'] {
  errno: -4058,
  code: 'ENOENT',
  syscall: 'open',
  path: 'C:\\Users\\Abdel\\OneDrive\\Documents\\projects\\2026\\nyc_transit_spatial_platform\\.next\\routes-manifest.json'
}
 ⨯ [Error: ENOENT: no such file or directory, open 'C:\Users\Abdel\OneDrive\Documents\projects\2026\nyc_transit_spatial_platform\.next\routes-manifest.json'] {
  errno: -4058,
  code: 'ENOENT',
  syscall: 'open',
  path: 'C:\\Users\\Abdel\\OneDrive\\Documents\\projects\\2026\\nyc_transit_spatial_platform\\.next\\routes-manifest.json'
}
[Error: ENOENT: no such file or directory, open 'C:\Users\Abdel\OneDrive\Documents\projects\2026\nyc_transit_spatial_platform\.next\routes-manifest.json'] {
  errno: -4058,
  code: 'ENOENT',
  syscall: 'open',
  path: 'C:\\Users\\Abdel\\OneDrive\\Documents\\projects\\2026\\nyc_transit_spatial_platform\\.next\\routes-manifest.json'
}
[Error: ENOENT: no such file or directory, open 'C:\Users\Abdel\OneDrive\Documents\projects\2026\nyc_transit_spatial_platform\.next\routes-manifest.json'] {
  errno: -4058,
  code: 'ENOENT',
  syscall: 'open',
  path: 'C:\\Users\\Abdel\\OneDrive\\Documents\\projects\\2026\\nyc_transit_spatial_platform\\.next\\routes-manifest.json'
}
 GET /api/vehicles 500 in 1119ms
 GET /api/vehicles 500 in 675ms
 GET / 500 in 1097ms
 GET / 500 in 674ms
 ⨯ Error: Cannot find module './331.js'
Require stack:
- C:\Users\Abdel\OneDrive\Documents\projects\2026\nyc_transit_spatial_platform\.next\server\webpack-runtime.js
- C:\Users\Abdel\OneDrive\Documents\projects\2026\nyc_transit_spatial_platform\.next\server\pages\_document.js
- C:\Users\Abdel\OneDrive\Documents\projects\2026\nyc_transit_spatial_platform\node_modules\next\dist\server\require.js
- C:\Users\Abdel\OneDrive\Documents\projects\2026\nyc_transit_spatial_platform\node_modules\next\dist\server\load-components.js
- C:\Users\Abdel\OneDrive\Documents\projects\2026\nyc_transit_spatial_platform\node_modules\next\dist\build\utils.js
- C:\Users\Abdel\OneDrive\Documents\projects\2026\nyc_transit_spatial_platform\node_modules\next\dist\build\swc\options.js
- C:\Users\Abdel\OneDrive\Documents\projects\2026\nyc_transit_spatial_platform\node_modules\next\dist\build\swc\index.js
- C:\Users\Abdel\OneDrive\Documents\projects\2026\nyc_transit_spatial_platform\node_modules\next\dist\build\next-config-ts\transpile-config.js
- C:\Users\Abdel\OneDrive\Documents\projects\2026\nyc_transit_spatial_platform\node_modules\next\dist\server\config.js
- C:\Users\Abdel\OneDrive\Documents\projects\2026\nyc_transit_spatial_platform\node_modules\next\dist\server\next.js
- C:\Users\Abdel\OneDrive\Documents\projects\2026\nyc_transit_spatial_platform\node_modules\next\dist\server\lib\start-server.js
    at <unknown> (C:\Users\Abdel\OneDrive\Documents\projects\2026\nyc_transit_spatial_platform\.next\server\app\page.js:2:7425)
    at Object.<anonymous> (C:\Users\Abdel\OneDrive\Documents\projects\2026\nyc_transit_spatial_platform\.next\server\app\page.js:2:7474) {
  code: 'MODULE_NOT_FOUND',
  requireStack: [Array],
  page: '/'
}
 ⨯ Error: Cannot find module './331.js'
Require stack:
- C:\Users\Abdel\OneDrive\Documents\projects\2026\nyc_transit_spatial_platform\.next\server\webpack-runtime.js
- C:\Users\Abdel\OneDrive\Documents\projects\2026\nyc_transit_spatial_platform\.next\server\pages\_document.js
- C:\Users\Abdel\OneDrive\Documents\projects\2026\nyc_transit_spatial_platform\node_modules\next\dist\server\require.js
- C:\Users\Abdel\OneDrive\Documents\projects\2026\nyc_transit_spatial_platform\node_modules\next\dist\server\load-components.js
- C:\Users\Abdel\OneDrive\Documents\projects\2026\nyc_transit_spatial_platform\node_modules\next\dist\build\utils.js
- C:\Users\Abdel\OneDrive\Documents\projects\2026\nyc_transit_spatial_platform\node_modules\next\dist\build\swc\options.js
- C:\Users\Abdel\OneDrive\Documents\projects\2026\nyc_transit_spatial_platform\node_modules\next\dist\build\swc\index.js
- C:\Users\Abdel\OneDrive\Documents\projects\2026\nyc_transit_spatial_platform\node_modules\next\dist\build\next-config-ts\transpile-config.js
- C:\Users\Abdel\OneDrive\Documents\projects\2026\nyc_transit_spatial_platform\node_modules\next\dist\server\config.js
- C:\Users\Abdel\OneDrive\Documents\projects\2026\nyc_transit_spatial_platform\node_modules\next\dist\server\next.js
- C:\Users\Abdel\OneDrive\Documents\projects\2026\nyc_transit_spatial_platform\node_modules\next\dist\server\lib\start-server.js
    at <unknown> (C:\Users\Abdel\OneDrive\Documents\projects\2026\nyc_transit_spatial_platform\.next\server\app\page.js:2:7425)
    at Object.<anonymous> (C:\Users\Abdel\OneDrive\Documents\projects\2026\nyc_transit_spatial_platform\.next\server\app\page.js:2:7474) {
  code: 'MODULE_NOT_FOUND',
  requireStack: [Array],
  page: '/'
}
 ⨯ [Error: ENOENT: no such file or directory, open 'C:\Users\Abdel\OneDrive\Documents\projects\2026\nyc_transit_spatial_platform\.next\routes-manifest.json'] {
  errno: -4058,
  code: 'ENOENT',
  syscall: 'open',
  path: 'C:\\Users\\Abdel\\OneDrive\\Documents\\projects\\2026\\nyc_transit_spatial_platform\\.next\\routes-manifest.json'
}
 ⨯ [Error: ENOENT: no such file or directory, open 'C:\Users\Abdel\OneDrive\Documents\projects\2026\nyc_transit_spatial_platform\.next\routes-manifest.json'] {
  errno: -4058,
  code: 'ENOENT',
  syscall: 'open',
  path: 'C:\\Users\\Abdel\\OneDrive\\Documents\\projects\\2026\\nyc_transit_spatial_platform\\.next\\routes-manifest.json'
}
Error: Cannot find module './331.js'
Require stack:
- C:\Users\Abdel\OneDrive\Documents\projects\2026\nyc_transit_spatial_platform\.next\server\webpack-runtime.js
- C:\Users\Abdel\OneDrive\Documents\projects\2026\nyc_transit_spatial_platform\.next\server\pages\_document.js
- C:\Users\Abdel\OneDrive\Documents\projects\2026\nyc_transit_spatial_platform\node_modules\next\dist\server\require.js
- C:\Users\Abdel\OneDrive\Documents\projects\2026\nyc_transit_spatial_platform\node_modules\next\dist\server\load-components.js
- C:\Users\Abdel\OneDrive\Documents\projects\2026\nyc_transit_spatial_platform\node_modules\next\dist\build\utils.js
- C:\Users\Abdel\OneDrive\Documents\projects\2026\nyc_transit_spatial_platform\node_modules\next\dist\build\swc\options.js
- C:\Users\Abdel\OneDrive\Documents\projects\2026\nyc_transit_spatial_platform\node_modules\next\dist\build\swc\index.js
- C:\Users\Abdel\OneDrive\Documents\projects\2026\nyc_transit_spatial_platform\node_modules\next\dist\build\next-config-ts\transpile-config.js
- C:\Users\Abdel\OneDrive\Documents\projects\2026\nyc_transit_spatial_platform\node_modules\next\dist\server\config.js
- C:\Users\Abdel\OneDrive\Documents\projects\2026\nyc_transit_spatial_platform\node_modules\next\dist\server\next.js
- C:\Users\Abdel\OneDrive\Documents\projects\2026\nyc_transit_spatial_platform\node_modules\next\dist\server\lib\start-server.js
    at <unknown> (C:\Users\Abdel\OneDrive\Documents\projects\2026\nyc_transit_spatial_platform\.next\server\app\page.js:2:7425)
    at Object.<anonymous> (C:\Users\Abdel\OneDrive\Documents\projects\2026\nyc_transit_spatial_platform\.next\server\app\page.js:2:7474) {
  code: 'MODULE_NOT_FOUND',
  requireStack: [Array],
  page: '/'
}
Error: Cannot find module './331.js'
Require stack:
- C:\Users\Abdel\OneDrive\Documents\projects\2026\nyc_transit_spatial_platform\.next\server\webpack-runtime.js
- C:\Users\Abdel\OneDrive\Documents\projects\2026\nyc_transit_spatial_platform\.next\server\pages\_document.js
- C:\Users\Abdel\OneDrive\Documents\projects\2026\nyc_transit_spatial_platform\node_modules\next\dist\server\require.js
- C:\Users\Abdel\OneDrive\Documents\projects\2026\nyc_transit_spatial_platform\node_modules\next\dist\server\load-components.js
- C:\Users\Abdel\OneDrive\Documents\projects\2026\nyc_transit_spatial_platform\node_modules\next\dist\build\utils.js
- C:\Users\Abdel\OneDrive\Documents\projects\2026\nyc_transit_spatial_platform\node_modules\next\dist\build\swc\options.js
- C:\Users\Abdel\OneDrive\Documents\projects\2026\nyc_transit_spatial_platform\node_modules\next\dist\build\swc\index.js
- C:\Users\Abdel\OneDrive\Documents\projects\2026\nyc_transit_spatial_platform\node_modules\next\dist\build\next-config-ts\transpile-config.js
- C:\Users\Abdel\OneDrive\Documents\projects\2026\nyc_transit_spatial_platform\node_modules\next\dist\server\config.js
- C:\Users\Abdel\OneDrive\Documents\projects\2026\nyc_transit_spatial_platform\node_modules\next\dist\server\next.js
- C:\Users\Abdel\OneDrive\Documents\projects\2026\nyc_transit_spatial_platform\node_modules\next\dist\server\lib\start-server.js
    at <unknown> (C:\Users\Abdel\OneDrive\Documents\projects\2026\nyc_transit_spatial_platform\.next\server\app\page.js:2:7425)
    at Object.<anonymous> (C:\Users\Abdel\OneDrive\Documents\projects\2026\nyc_transit_spatial_platform\.next\server\app\page.js:2:7474) {
  code: 'MODULE_NOT_FOUND',
  requireStack: [Array],
  page: '/'
}
 ⨯ [Error: ENOENT: no such file or directory, open 'C:\Users\Abdel\OneDrive\Documents\projects\2026\nyc_transit_spatial_platform\.next\routes-manifest.json'] {
  errno: -4058,
  code: 'ENOENT',
  syscall: 'open',
  path: 'C:\\Users\\Abdel\\OneDrive\\Documents\\projects\\2026\\nyc_transit_spatial_platform\\.next\\routes-manifest.json'
}
 ⨯ [Error: ENOENT: no such file or directory, open 'C:\Users\Abdel\OneDrive\Documents\projects\2026\nyc_transit_spatial_platform\.next\routes-manifest.json'] {
  errno: -4058,
  code: 'ENOENT',
  syscall: 'open',
  path: 'C:\\Users\\Abdel\\OneDrive\\Documents\\projects\\2026\\nyc_transit_spatial_platform\\.next\\routes-manifest.json'
}
<w> [webpack.cache.PackFileCacheStrategy] Caching failed for pack: Error: ENOENT: no such file or directory, rename 'C:\Users\Abdel\OneDrive\Documents\projects\2026\nyc_transit_spatial_platform\.next\cache\webpack\client-development-fallback\0.pack.gz_' -> 'C:\Users\Abdel\OneDrive\Documents\projects\2026\nyc_transit_spatial_platform\.next\cache\webpack\client-development-fallback\0.pack.gz'
[Error: ENOENT: no such file or directory, open 'C:\Users\Abdel\OneDrive\Documents\projects\2026\nyc_transit_spatial_platform\.next\routes-manifest.json'] {
  errno: -4058,
  code: 'ENOENT',
  syscall: 'open',
  path: 'C:\\Users\\Abdel\\OneDrive\\Documents\\projects\\2026\\nyc_transit_spatial_platform\\.next\\routes-manifest.json'
}
[Error: ENOENT: no such file or directory, open 'C:\Users\Abdel\OneDrive\Documents\projects\2026\nyc_transit_spatial_platform\.next\routes-manifest.json'] {
  errno: -4058,
  code: 'ENOENT',
  syscall: 'open',
  path: 'C:\\Users\\Abdel\\OneDrive\\Documents\\projects\\2026\\nyc_transit_spatial_platform\\.next\\routes-manifest.json'
}
 GET / 500 in 900ms
 GET / 500 in 411ms
 GET / 500 in 816ms
 GET / 500 in 412ms
 ⨯ Error: Cannot find module './331.js'
Require stack:
- C:\Users\Abdel\OneDrive\Documents\projects\2026\nyc_transit_spatial_platform\.next\server\webpack-runtime.js
- C:\Users\Abdel\OneDrive\Documents\projects\2026\nyc_transit_spatial_platform\.next\server\pages\_document.js
- C:\Users\Abdel\OneDrive\Documents\projects\2026\nyc_transit_spatial_platform\node_modules\next\dist\server\require.js
- C:\Users\Abdel\OneDrive\Documents\projects\2026\nyc_transit_spatial_platform\node_modules\next\dist\server\load-components.js
- C:\Users\Abdel\OneDrive\Documents\projects\2026\nyc_transit_spatial_platform\node_modules\next\dist\build\utils.js
- C:\Users\Abdel\OneDrive\Documents\projects\2026\nyc_transit_spatial_platform\node_modules\next\dist\build\swc\options.js
- C:\Users\Abdel\OneDrive\Documents\projects\2026\nyc_transit_spatial_platform\node_modules\next\dist\build\swc\index.js
- C:\Users\Abdel\OneDrive\Documents\projects\2026\nyc_transit_spatial_platform\node_modules\next\dist\build\next-config-ts\transpile-config.js
- C:\Users\Abdel\OneDrive\Documents\projects\2026\nyc_transit_spatial_platform\node_modules\next\dist\server\config.js
- C:\Users\Abdel\OneDrive\Documents\projects\2026\nyc_transit_spatial_platform\node_modules\next\dist\server\next.js
- C:\Users\Abdel\OneDrive\Documents\projects\2026\nyc_transit_spatial_platform\node_modules\next\dist\server\lib\start-server.js
    at <unknown> (C:\Users\Abdel\OneDrive\Documents\projects\2026\nyc_transit_spatial_platform\.next\server\app\page.js:2:7425)
    at Object.<anonymous> (C:\Users\Abdel\OneDrive\Documents\projects\2026\nyc_transit_spatial_platform\.next\server\app\page.js:2:7474) {
  code: 'MODULE_NOT_FOUND',
  requireStack: [Array],
  page: '/'
}
 ⨯ [Error: ENOENT: no such file or directory, open 'C:\Users\Abdel\OneDrive\Documents\projects\2026\nyc_transit_spatial_platform\.next\routes-manifest.json'] {
  errno: -4058,
  code: 'ENOENT',
  syscall: 'open',
  path: 'C:\\Users\\Abdel\\OneDrive\\Documents\\projects\\2026\\nyc_transit_spatial_platform\\.next\\routes-manifest.json'
}
Error: Cannot find module './331.js'
Require stack:
- C:\Users\Abdel\OneDrive\Documents\projects\2026\nyc_transit_spatial_platform\.next\server\webpack-runtime.js
- C:\Users\Abdel\OneDrive\Documents\projects\2026\nyc_transit_spatial_platform\.next\server\pages\_document.js
- C:\Users\Abdel\OneDrive\Documents\projects\2026\nyc_transit_spatial_platform\node_modules\next\dist\server\require.js
- C:\Users\Abdel\OneDrive\Documents\projects\2026\nyc_transit_spatial_platform\node_modules\next\dist\server\load-components.js
- C:\Users\Abdel\OneDrive\Documents\projects\2026\nyc_transit_spatial_platform\node_modules\next\dist\build\utils.js
- C:\Users\Abdel\OneDrive\Documents\projects\2026\nyc_transit_spatial_platform\node_modules\next\dist\build\swc\options.js
- C:\Users\Abdel\OneDrive\Documents\projects\2026\nyc_transit_spatial_platform\node_modules\next\dist\build\swc\index.js
- C:\Users\Abdel\OneDrive\Documents\projects\2026\nyc_transit_spatial_platform\node_modules\next\dist\build\next-config-ts\transpile-config.js
- C:\Users\Abdel\OneDrive\Documents\projects\2026\nyc_transit_spatial_platform\node_modules\next\dist\server\config.js
- C:\Users\Abdel\OneDrive\Documents\projects\2026\nyc_transit_spatial_platform\node_modules\next\dist\server\next.js
- C:\Users\Abdel\OneDrive\Documents\projects\2026\nyc_transit_spatial_platform\node_modules\next\dist\server\lib\start-server.js
    at <unknown> (C:\Users\Abdel\OneDrive\Documents\projects\2026\nyc_transit_spatial_platform\.next\server\app\page.js:2:7425)
    at Object.<anonymous> (C:\Users\Abdel\OneDrive\Documents\projects\2026\nyc_transit_spatial_platform\.next\server\app\page.js:2:7474) {
  code: 'MODULE_NOT_FOUND',
  requireStack: [Array],
  page: '/'
}
 ⨯ [Error: ENOENT: no such file or directory, open 'C:\Users\Abdel\OneDrive\Documents\projects\2026\nyc_transit_spatial_platform\.next\routes-manifest.json'] {
  errno: -4058,
  code: 'ENOENT',
  syscall: 'open',
  path: 'C:\\Users\\Abdel\\OneDrive\\Documents\\projects\\2026\\nyc_transit_spatial_platform\\.next\\routes-manifest.json'
}
[Error: ENOENT: no such file or directory, open 'C:\Users\Abdel\OneDrive\Documents\projects\2026\nyc_transit_spatial_platform\.next\routes-manifest.json'] {
  errno: -4058,
  code: 'ENOENT',
  syscall: 'open',
  path: 'C:\\Users\\Abdel\\OneDrive\\Documents\\projects\\2026\\nyc_transit_spatial_platform\\.next\\routes-manifest.json'
}
 GET / 500 in 671ms
 GET / 500 in 319ms
